\BOOKMARK [0][]{Title.0}{\376\377\000T\000i\000t\000l\000e}{}% 1
\BOOKMARK [0][]{Dedication.0}{\376\377\000D\000e\000d\000i\000c\000a\000t\000i\000o\000n}{}% 2
\BOOKMARK [0][]{Certificate.0}{\376\377\000C\000e\000r\000t\000i\000f\000i\000c\000a\000t\000e}{}% 3
\BOOKMARK [0][]{Acknowledgement.0}{\376\377\000A\000c\000k\000n\000o\000w\000l\000e\000d\000g\000e\000m\000e\000n\000t}{}% 4
\BOOKMARK [0][]{index.0}{\376\377\000I\000n\000d\000e\000x}{}% 5
\BOOKMARK [1][]{toc.1}{\376\377\000C\000o\000n\000t\000e\000n\000t\000s}{index.0}% 6
\BOOKMARK [1][]{lof.1}{\376\377\000L\000i\000s\000t\000\040\000o\000f\000\040\000F\000i\000g\000u\000r\000e\000s}{index.0}% 7
\BOOKMARK [0][]{chapter*.2}{\376\377\000L\000i\000s\000t\000\040\000o\000f\000\040\000F\000i\000g\000u\000r\000e\000s}{}% 8
\BOOKMARK [1][]{lot.1}{\376\377\000L\000i\000s\000t\000\040\000o\000f\000\040\000T\000a\000b\000l\000e\000s}{chapter*.2}% 9
\BOOKMARK [0][]{chapter*.3}{\376\377\000L\000i\000s\000t\000\040\000o\000f\000\040\000T\000a\000b\000l\000e\000s}{}% 10
\BOOKMARK [0][]{chapter.1}{\376\377\0001\000\040\000I\000n\000t\000r\000o\000d\000u\000c\000t\000i\000o\000n}{}% 11
\BOOKMARK [1][]{section.1.1}{\376\377\0001\000.\0001\000\040\000I\000n\000t\000r\000o\000d\000u\000c\000t\000i\000o\000n}{chapter.1}% 12
\BOOKMARK [1][]{section.1.2}{\376\377\0001\000.\0002\000\040\000M\000o\000t\000i\000v\000a\000t\000i\000o\000n}{chapter.1}% 13
\BOOKMARK [0][]{chapter.2}{\376\377\0002\000\040\000L\000i\000t\000e\000r\000a\000t\000u\000r\000e\000\040\000S\000u\000r\000v\000e\000y}{}% 14
\BOOKMARK [1][]{section.2.1}{\376\377\0002\000.\0001\000\040\000T\000r\000a\000d\000i\000t\000i\000o\000n\000a\000l\000\040\000I\000n\000v\000e\000n\000t\000o\000r\000y\000\040\000F\000o\000r\000e\000c\000a\000s\000t\000i\000n\000g}{chapter.2}% 15
\BOOKMARK [1][]{section.2.2}{\376\377\0002\000.\0002\000\040\000T\000h\000e\000\040\000D\000e\000e\000p\000\040\000L\000e\000a\000r\000n\000i\000n\000g\000\040\000S\000h\000i\000f\000t\000\040\000i\000n\000\040\000T\000i\000m\000e\000-\000S\000e\000r\000i\000e\000s}{chapter.2}% 16
\BOOKMARK [2][]{subsection.2.2.1}{\376\377\0002\000.\0002\000.\0001\000\040\000R\000e\000c\000u\000r\000r\000e\000n\000t\000\040\000N\000e\000u\000r\000a\000l\000\040\000N\000e\000t\000w\000o\000r\000k\000s\000\040\000\050\000R\000N\000N\000s\000\051\000\040\000a\000n\000d\000\040\000L\000S\000T\000M\000s}{section.2.2}% 17
\BOOKMARK [2][]{subsection.2.2.2}{\376\377\0002\000.\0002\000.\0002\000\040\000T\000r\000a\000n\000s\000f\000o\000r\000m\000e\000r\000s\000\040\000a\000n\000d\000\040\000L\000i\000n\000e\000a\000r\000\040\000A\000l\000t\000e\000r\000n\000a\000t\000i\000v\000e\000s}{section.2.2}% 18
\BOOKMARK [2][]{subsection.2.2.3}{\376\377\0002\000.\0002\000.\0003\000\040\000R\000e\000t\000a\000i\000l\000\040\000A\000g\000g\000r\000e\000g\000a\000t\000i\000o\000n\000\040\000L\000i\000m\000i\000t\000a\000t\000i\000o\000n\000s}{section.2.2}% 19
\BOOKMARK [0][]{chapter.3}{\376\377\0003\000\040\000T\000h\000e\000s\000i\000s\000\040\000O\000b\000j\000e\000c\000t\000i\000v\000e\000s\000\040\000a\000n\000d\000\040\000D\000e\000l\000i\000v\000e\000r\000a\000b\000l\000e\000s}{}% 20
\BOOKMARK [1][]{section.3.1}{\376\377\0003\000.\0001\000\040\000P\000r\000o\000b\000l\000e\000m\000\040\000F\000o\000r\000m\000u\000l\000a\000t\000i\000o\000n}{chapter.3}% 21
\BOOKMARK [1][]{section.3.2}{\376\377\0003\000.\0002\000\040\000D\000a\000t\000a\000s\000e\000t\000\040\000O\000v\000e\000r\000v\000i\000e\000w}{chapter.3}% 22
\BOOKMARK [0][]{chapter.4}{\376\377\0004\000\040\000S\000y\000s\000t\000e\000m\000\040\000A\000r\000c\000h\000i\000t\000e\000c\000t\000u\000r\000e\000\040\000a\000n\000d\000\040\000M\000e\000t\000h\000o\000d\000o\000l\000o\000g\000y}{}% 23
\BOOKMARK [1][]{section.4.1}{\376\377\0004\000.\0001\000\040\000B\000a\000s\000e\000l\000i\000n\000e\000\040\000A\000n\000a\000l\000y\000s\000i\000s}{chapter.4}% 24
\BOOKMARK [2][]{subsection.4.1.1}{\376\377\0004\000.\0001\000.\0001\000\040\000B\000a\000s\000e\000l\000i\000n\000e\000\040\000S\000i\000m\000p\000l\000e\000R\000N\000N}{section.4.1}% 25
\BOOKMARK [2][]{subsection.4.1.2}{\376\377\0004\000.\0001\000.\0002\000\040\000B\000a\000s\000e\000l\000i\000n\000e\000\040\000V\000a\000n\000i\000l\000l\000a\000\040\000a\000n\000d\000\040\000C\000a\000n\000o\000n\000i\000c\000a\000l\000\040\000L\000S\000T\000M}{section.4.1}% 26
\BOOKMARK [2][]{subsection.4.1.3}{\376\377\0004\000.\0001\000.\0003\000\040\000B\000a\000s\000e\000l\000i\000n\000e\000\040\000T\000r\000a\000n\000s\000f\000o\000r\000m\000e\000r\000s}{section.4.1}% 27
\BOOKMARK [1][]{section.4.2}{\376\377\0004\000.\0002\000\040\000F\000i\000g\000u\000r\000i\000n\000g\000\040\000O\000u\000t\000\040\000F\000e\000a\000t\000u\000r\000e\000\040\000I\000m\000p\000o\000r\000t\000a\000n\000c\000e}{chapter.4}% 28
\BOOKMARK [1][]{section.4.3}{\376\377\0004\000.\0003\000\040\000B\000u\000i\000l\000d\000i\000n\000g\000\040\000O\000u\000r\000\040\000C\000u\000s\000t\000o\000m\000\040\000L\000S\000T\000M\000s}{chapter.4}% 29
\BOOKMARK [2][]{subsection.4.3.1}{\376\377\0004\000.\0003\000.\0001\000\040\000O\000u\000r\000\040\000F\000i\000n\000a\000l\000\040\000C\000u\000s\000t\000o\000m\000\040\000L\000S\000T\000M\000:\000\040\000D\000u\000a\000l\000-\000S\000t\000r\000e\000a\000m\000\040\000I\000n\000v\000e\000n\000t\000o\000r\000y\000\040\000S\000h\000o\000r\000t\000c\000u\000t}{section.4.3}% 30
\BOOKMARK [1][]{section.4.4}{\376\377\0004\000.\0004\000\040\000D\000L\000i\000n\000e\000a\000r\000\040\000\050\000D\000e\000c\000o\000m\000p\000o\000s\000i\000t\000i\000o\000n\000\040\000L\000i\000n\000e\000a\000r\000\051\000\040\000A\000r\000c\000h\000i\000t\000e\000c\000t\000u\000r\000e\000s}{chapter.4}% 31
\BOOKMARK [2][]{subsection.4.4.1}{\376\377\0004\000.\0004\000.\0001\000\040\000S\000t\000a\000n\000d\000a\000r\000d\000\040\000D\000L\000i\000n\000e\000a\000r}{section.4.4}% 32
\BOOKMARK [2][]{subsection.4.4.2}{\376\377\0004\000.\0004\000.\0002\000\040\000M\000u\000l\000t\000i\000-\000K\000e\000r\000n\000e\000l\000\040\000D\000L\000i\000n\000e\000a\000r}{section.4.4}% 33
\BOOKMARK [0][]{chapter.5}{\376\377\0005\000\040\000T\000a\000s\000k\000s\000\040\000C\000o\000m\000p\000l\000e\000t\000e\000d}{}% 34
\BOOKMARK [0][]{chapter.6}{\376\377\0006\000\040\000R\000e\000s\000u\000l\000t\000s\000\040\000a\000n\000d\000\040\000C\000o\000n\000c\000l\000u\000s\000i\000o\000n}{}% 35
\BOOKMARK [1][]{section.6.1}{\376\377\0006\000.\0001\000\040\000S\000t\000a\000n\000d\000a\000r\000d\000i\000z\000e\000d\000\040\000E\000v\000a\000l\000u\000a\000t\000i\000o\000n\000\040\000F\000r\000a\000m\000e\000w\000o\000r\000k}{chapter.6}% 36
\BOOKMARK [1][]{section.6.2}{\376\377\0006\000.\0002\000\040\000F\000i\000n\000a\000l\000\040\000E\000m\000p\000i\000r\000i\000c\000a\000l\000\040\000R\000e\000s\000u\000l\000t\000s}{chapter.6}% 37
\BOOKMARK [1][]{section.6.3}{\376\377\0006\000.\0003\000\040\000C\000o\000n\000c\000l\000u\000s\000i\000o\000n}{chapter.6}% 38
